../Core/Src/main.c:87:5:main	16	static
../Core/Src/main.c:184:6:SystemClock_Config	88	static
../Core/Src/main.c:231:13:MX_USART2_UART_Init	8	static
../Core/Src/main.c:262:13:MX_DMA_Init	16	static
../Core/Src/main.c:283:13:MX_GPIO_Init	48	static
../Core/Src/main.c:312:6:UARTITConfig	8	static
../Core/Src/main.c:318:6:HAL_UART_RxCpltCallback	16	static
../Core/Src/main.c:329:6:UIState	8	static
../Core/Src/main.c:396:6:UI_MainMenu	8	static
../Core/Src/main.c:407:6:UI_LEDMenu	8	static
../Core/Src/main.c:421:6:UI_ButtonMenu	8	static
../Core/Src/main.c:431:6:UI_SpeedUp	8	static
../Core/Src/main.c:437:6:UI_SpeedDown	8	static
../Core/Src/main.c:451:6:UI_OnOff	8	static
../Core/Src/main.c:465:6:WrongInput	8	static
../Core/Src/main.c:476:6:Error_Handler	4	static,ignoring_inline_asm
